[2025-10-26 14:35:21] info: >> Connection to RabbitMQ established 
[2025-10-26 14:35:22] info: >> Connected to MongoDB 
[2025-10-26 14:35:26] info: >> Scheduler service is running at port 4003 
[2025-10-26 14:35:26] info: >> Connection to RabbitMQ established 
[2025-10-26 14:35:27] info: >> Connected to MongoDB 
[2025-10-26 14:36:45] info: >> Scheduler service is running at port 4003 
[2025-10-26 14:36:45] info: >> Connection to RabbitMQ established 
[2025-10-26 14:36:45] info: >> Connected to MongoDB 
[2025-10-26 14:37:00] info: >> Scheduler service is running at port 4003 
[2025-10-26 14:37:00] info: >> Connected to RabbitMQ 
[2025-10-26 14:37:00] info: >> Connection to RabbitMQ established 
[2025-10-26 14:37:01] info: >> Scheduler Service connected successfully to MongoDB 
[2025-10-26 14:37:01] info: >> Connected to MongoDB 
[2025-10-26 14:39:41] http: GET /v1/conversation {"status":200,"duration":"956ms","ip":"::1"}
[2025-10-26 14:39:44] http: GET /v1/conversation {"status":304,"duration":"97ms","ip":"::1"}
[2025-10-26 14:39:47] http: GET /v1/conversation {"status":304,"duration":"95ms","ip":"::1"}
[2025-10-26 14:39:47] info: [object Object] 
[2025-10-26 14:39:47] info: Message sent to queue from scheduler: {"_id":"68fd0794b5bb4cb8d36f0ed3","query":"Microsoft+laptops","user":{"_id":"688f10346d1d6845ed2f8d73","userId":"google-oauth2|109158471961930021806","conversations":[],"createdAt":"2025-08-03T07:31:00.088Z","updatedAt":"2025-08-03T07:31:00.088Z","__v":0},"status":"scraping","createdAt":"2025-10-25T17:23:32.668Z","updatedAt":"2025-10-25T17:23:32.927Z","__v":0,"messages":[{"_id":"68fd0794b5bb4cb8d36f0ed5","author":"system","data":"Generating analysis for Microsoft laptops...","conversation":"68fd0794b5bb4cb8d36f0ed3","createdAt":"2025-10-25T17:23:32.733Z","updatedAt":"2025-10-25T17:23:32.733Z","__v":0}],"id":"68fd0794b5bb4cb8d36f0ed3"} 
[2025-10-26 14:39:47] http: GET /v1/conversation/68fd0794b5bb4cb8d36f0ed3 {"status":304,"duration":"147ms","ip":"::1"}
[2025-10-26 14:39:48] info: [object Object] 
[2025-10-26 14:39:48] info: Message sent to queue from scheduler: {"_id":"68ae968ae59d4deb7f8658ee","query":"Oneplus+mobiles","user":{"_id":"688f10346d1d6845ed2f8d73","userId":"google-oauth2|109158471961930021806","conversations":[],"createdAt":"2025-08-03T07:31:00.088Z","updatedAt":"2025-08-03T07:31:00.088Z","__v":0},"status":"scraping","createdAt":"2025-08-27T05:24:26.020Z","updatedAt":"2025-09-24T07:44:37.907Z","__v":0,"messages":[{"_id":"68ae968ae59d4deb7f8658f0","author":"system","data":"Generating analysis for Oneplus mobiles","conversation":"68ae968ae59d4deb7f8658ee","createdAt":"2025-08-27T05:24:26.068Z","updatedAt":"2025-08-27T05:24:26.068Z","__v":0}],"id":"68ae968ae59d4deb7f8658ee"} 
[2025-10-26 14:39:48] http: GET /v1/conversation/68ae968ae59d4deb7f8658ee {"status":304,"duration":"128ms","ip":"::1"}
[2025-10-26 14:41:47] info: [object Object] 
[2025-10-26 14:41:47] info: Message sent to queue from scheduler: {"_id":"68ae968ae59d4deb7f8658ee","query":"Oneplus+mobiles","user":{"_id":"688f10346d1d6845ed2f8d73","userId":"google-oauth2|109158471961930021806","conversations":[],"createdAt":"2025-08-03T07:31:00.088Z","updatedAt":"2025-08-03T07:31:00.088Z","__v":0},"status":"scraping","createdAt":"2025-08-27T05:24:26.020Z","updatedAt":"2025-09-24T07:44:37.907Z","__v":0,"messages":[{"_id":"68ae968ae59d4deb7f8658f0","author":"system","data":"Generating analysis for Oneplus mobiles","conversation":"68ae968ae59d4deb7f8658ee","createdAt":"2025-08-27T05:24:26.068Z","updatedAt":"2025-08-27T05:24:26.068Z","__v":0}],"id":"68ae968ae59d4deb7f8658ee"} 
[2025-10-26 14:41:47] http: GET /v1/conversation/68ae968ae59d4deb7f8658ee {"status":304,"duration":"136ms","ip":"::1"}
[2025-10-26 14:41:58] info: [object Object] 
[2025-10-26 14:41:58] info: Message sent to queue from scheduler: {"_id":"68ae968ae59d4deb7f8658ee","query":"Oneplus+mobiles","user":{"_id":"688f10346d1d6845ed2f8d73","userId":"google-oauth2|109158471961930021806","conversations":[],"createdAt":"2025-08-03T07:31:00.088Z","updatedAt":"2025-08-03T07:31:00.088Z","__v":0},"status":"scraping","createdAt":"2025-08-27T05:24:26.020Z","updatedAt":"2025-09-24T07:44:37.907Z","__v":0,"messages":[{"_id":"68ae968ae59d4deb7f8658f0","author":"system","data":"Generating analysis for Oneplus mobiles","conversation":"68ae968ae59d4deb7f8658ee","createdAt":"2025-08-27T05:24:26.068Z","updatedAt":"2025-08-27T05:24:26.068Z","__v":0}],"id":"68ae968ae59d4deb7f8658ee"} 
[2025-10-26 14:41:58] http: GET /v1/conversation/68ae968ae59d4deb7f8658ee {"status":304,"duration":"377ms","ip":"::1"}
[2025-10-26 14:42:04] info: [object Object] 
[2025-10-26 14:42:04] info: Message sent to queue from scheduler: {"_id":"68ae968ae59d4deb7f8658ee","query":"Oneplus+mobiles","user":{"_id":"688f10346d1d6845ed2f8d73","userId":"google-oauth2|109158471961930021806","conversations":[],"createdAt":"2025-08-03T07:31:00.088Z","updatedAt":"2025-08-03T07:31:00.088Z","__v":0},"status":"scraping","createdAt":"2025-08-27T05:24:26.020Z","updatedAt":"2025-09-24T07:44:37.907Z","__v":0,"messages":[{"_id":"68ae968ae59d4deb7f8658f0","author":"system","data":"Generating analysis for Oneplus mobiles","conversation":"68ae968ae59d4deb7f8658ee","createdAt":"2025-08-27T05:24:26.068Z","updatedAt":"2025-08-27T05:24:26.068Z","__v":0}],"id":"68ae968ae59d4deb7f8658ee"} 
[2025-10-26 14:42:04] http: GET /v1/conversation/68ae968ae59d4deb7f8658ee {"status":304,"duration":"180ms","ip":"::1"}
[2025-10-26 15:06:13] info: [object Object] 
[2025-10-26 15:06:13] info: Message sent to queue from scheduler: {"_id":"68ae968ae59d4deb7f8658ee","query":"Oneplus+mobiles","user":{"_id":"688f10346d1d6845ed2f8d73","userId":"google-oauth2|109158471961930021806","conversations":[],"createdAt":"2025-08-03T07:31:00.088Z","updatedAt":"2025-08-03T07:31:00.088Z","__v":0},"status":"scraping","createdAt":"2025-08-27T05:24:26.020Z","updatedAt":"2025-09-24T07:44:37.907Z","__v":0,"messages":[{"_id":"68ae968ae59d4deb7f8658f0","author":"system","data":"Generating analysis for Oneplus mobiles","conversation":"68ae968ae59d4deb7f8658ee","createdAt":"2025-08-27T05:24:26.068Z","updatedAt":"2025-08-27T05:24:26.068Z","__v":0}],"id":"68ae968ae59d4deb7f8658ee"} 
[2025-10-26 15:06:13] http: GET /v1/conversation/68ae968ae59d4deb7f8658ee {"status":304,"duration":"2831ms","ip":"::1"}
[2025-10-26 15:20:58] info: >> Scheduler service is running at port 4003 
[2025-10-26 15:20:58] info: >> Connected to RabbitMQ 
[2025-10-26 15:20:58] info: >> Connection to RabbitMQ established 
[2025-10-26 15:20:58] info: >> Scheduler Service connected successfully to MongoDB 
[2025-10-26 15:20:58] info: >> Connected to MongoDB 
[2025-10-26 15:27:27] info: [object Object] 
[2025-10-26 15:27:27] info: Message sent to queue from scheduler: {"_id":"68ae968ae59d4deb7f8658ee","query":"Oneplus+mobiles","user":{"_id":"688f10346d1d6845ed2f8d73","userId":"google-oauth2|109158471961930021806","conversations":[],"createdAt":"2025-08-03T07:31:00.088Z","updatedAt":"2025-08-03T07:31:00.088Z","__v":0},"status":"scraping","createdAt":"2025-08-27T05:24:26.020Z","updatedAt":"2025-09-24T07:44:37.907Z","__v":0,"messages":[{"_id":"68ae968ae59d4deb7f8658f0","author":"system","data":"Generating analysis for Oneplus mobiles","conversation":"68ae968ae59d4deb7f8658ee","createdAt":"2025-08-27T05:24:26.068Z","updatedAt":"2025-08-27T05:24:26.068Z","__v":0}],"id":"68ae968ae59d4deb7f8658ee"} 
[2025-10-26 15:27:37] http: GET /v1/conversation {"status":304,"duration":"95ms","ip":"::1"}
[2025-10-26 15:27:37] info: [object Object] 
[2025-10-26 15:27:37] info: Message sent to queue from scheduler: {"_id":"68ae968ae59d4deb7f8658ee","query":"Oneplus+mobiles","user":{"_id":"688f10346d1d6845ed2f8d73","userId":"google-oauth2|109158471961930021806","conversations":[],"createdAt":"2025-08-03T07:31:00.088Z","updatedAt":"2025-08-03T07:31:00.088Z","__v":0},"status":"scraping","createdAt":"2025-08-27T05:24:26.020Z","updatedAt":"2025-09-24T07:44:37.907Z","__v":0,"messages":[{"_id":"68ae968ae59d4deb7f8658f0","author":"system","data":"Generating analysis for Oneplus mobiles","conversation":"68ae968ae59d4deb7f8658ee","createdAt":"2025-08-27T05:24:26.068Z","updatedAt":"2025-08-27T05:24:26.068Z","__v":0}],"id":"68ae968ae59d4deb7f8658ee"} 
[2025-10-26 15:27:37] http: GET /v1/conversation/68ae968ae59d4deb7f8658ee {"status":200,"duration":"129ms","ip":"::1"}
[2025-10-26 16:32:23] info: >> Scheduler service is running at port 4003 
[2025-10-26 16:32:23] info: >> Connected to RabbitMQ 
[2025-10-26 16:32:23] info: >> Connection to RabbitMQ established 
[2025-10-26 16:32:23] info: >> Scheduler Service connected successfully to MongoDB 
[2025-10-26 16:32:23] info: >> Connected to MongoDB 
[2025-10-26 16:32:33] http: GET /v1/conversation {"status":304,"duration":"929ms","ip":"::1"}
